<?xml version="1.0" encoding="UTF-8"?>
<results>
	<result>
			<title>ZyBook</title>
			<url>https://www.zybooks.com/</url>
			<description>The home page for ZyBook</description>
	</result>
	
	<result>
			<title>TopHat</title>
			<url>https://tophat.com/</url>
			<description>The home page for TopHat</description>
	</result>
	
	<result>
			<title>Google Drive</title>
			<url>https://tinyurl.com/CSCI355-Fall2019</url>
			<description>The home page for Google Drive</description>
	</result>
	
	<result>
			<title>W3Schools</title>
			<url>https://www.w3schools.com/</url>
			<description>The home page for W3Schools</description>
	</result>
</results>